mvn : WARNING: A 
terminally 
deprecated method in 
sun.misc.Unsafe has 
been called
At line:1 char:1
+ mvn clean compile 
-DskipTests > 
build_output.txt 
2>&1Line:1:1
+ ~~~~~~~~~~~~~~~~~~~
~~~~~~~~~~~~~~~~~~~~~
~~~~~~~~~~~~~~~~~~~~~
    + CategoryInfo   
           : NotSpe  
  cified: (WARNING   
 : A term...has b    
een called:Strin    
g) [], RemoteExc    
eption
    + FullyQualified 
   ErrorId : Native  
  CommandError
 
WARNING: sun.misc.Uns
afe::staticFieldBase 
has been called by co
m.google.inject.inter
nal.aop.HiddenClassDe
finer (file:/C:/Progr
am%20Files/Apache/Mav
en/apache-maven-3.9.1
1/lib/guice-5.1.0-cla
sses.jar)
WARNING: Please 
consider reporting 
this to the 
maintainers of class 
com.google.inject.int
ernal.aop.HiddenClass
Definer
WARNING: sun.misc.Uns
afe::staticFieldBase 
will be removed in a 
future release
[INFO] Scanning for projects...
Downloading from central: https://repo.maven.apache.org/maven2/org/codehaus/mojo/build-helper-maven-plugin/3.4.0/build-helper-maven-plugin-3.4.0.pom
Progress (1): 1.0 kB
Progress (1): 2.5 kB
Progress (1): 5.2 kB
Progress (1): 7.6 kB
                    
Downloaded from central: https://repo.maven.apache.org/maven2/org/codehaus/mojo/build-helper-maven-plugin/3.4.0/build-helper-maven-plugin-3.4.0.pom (7.6 kB at 7.9 kB/s)
Downloading from central: https://repo.maven.apache.org/maven2/org/codehaus/mojo/mojo-parent/74/mojo-parent-74.pom
Progress (1): 714 B
Progress (1): 1.7 kB
Progress (1): 5.3 kB
Progress (1): 7.7 kB
Progress (1): 9.1 kB
Progress (1): 12 kB 
Progress (1): 14 kB
Progress (1): 19 kB
Progress (1): 24 kB
Progress (1): 26 kB
Progress (1): 28 kB
Progress (1): 31 kB
Progress (1): 36 kB
                   
Downloaded from central: https://repo.maven.apache.org/maven2/org/codehaus/mojo/mojo-parent/74/mojo-parent-74.pom (36 kB at 241 kB/s)
Downloading from central: https://repo.maven.apache.org/maven2/org/codehaus/mojo/build-helper-maven-plugin/3.4.0/build-helper-maven-plugin-3.4.0.jar
Progress (1): 0.9/70 kB
Progress (1): 2.3/70 kB
Progress (1): 3.6/70 kB
Progress (1): 5.0/70 kB
Progress (1): 6.4/70 kB
Progress (1): 7.7/70 kB
Progress (1): 9.1/70 kB
Progress (1): 10/70 kB 
Progress (1): 12/70 kB
Progress (1): 13/70 kB
Progress (1): 15/70 kB
Progress (1): 16/70 kB
Progress (1): 17/70 kB
Progress (1): 19/70 kB
Progress (1): 20/70 kB
Progress (1): 21/70 kB
Progress (1): 23/70 kB
Progress (1): 24/70 kB
Progress (1): 26/70 kB
Progress (1): 27/70 kB
Progress (1): 28/70 kB
Progress (1): 30/70 kB
Progress (1): 31/70 kB
Progress (1): 32/70 kB
Progress (1): 34/70 kB
Progress (1): 35/70 kB
Progress (1): 36/70 kB
Progress (1): 38/70 kB
Progress (1): 39/70 kB
Progress (1): 41/70 kB
Progress (1): 42/70 kB
Progress (1): 43/70 kB
Progress (1): 48/70 kB
Progress (1): 52/70 kB
Progress (1): 56/70 kB
Progress (1): 60/70 kB
Progress (1): 64/70 kB
Progress (1): 69/70 kB
Progress (1): 70 kB   
                   
Downloaded from central: https://repo.maven.apache.org/maven2/org/codehaus/mojo/build-helper-maven-plugin/3.4.0/build-helper-maven-plugin-3.4.0.jar (70 kB at 330 kB/s)
Downloading from central: https://repo.maven.apache.org/maven2/org/flywaydb/flyway-maven-plugin/9.22.3/flyway-maven-plugin-9.22.3.pom
Progress (1): 856 B
Progress (1): 3.7 kB
Progress (1): 4.4 kB
                    
Downloaded from central: https://repo.maven.apache.org/maven2/org/flywaydb/flyway-maven-plugin/9.22.3/flyway-maven-plugin-9.22.3.pom (4.4 kB at 39 kB/s)
Downloading from central: https://repo.maven.apache.org/maven2/org/flywaydb/flyway-parent/9.22.3/flyway-parent-9.22.3.pom
Progress (1): 724 B
Progress (1): 2.1 kB
Progress (1): 4.5 kB
Progress (1): 6.5 kB
Progress (1): 14 kB 
Progress (1): 22 kB
Progress (1): 26 kB
Progress (1): 27 kB
Progress (1): 31 kB
Progress (1): 35 kB
                   
Downloaded from central: https://repo.maven.apache.org/maven2/org/flywaydb/flyway-parent/9.22.3/flyway-parent-9.22.3.pom (35 kB at 277 kB/s)
Downloading from central: https://repo.maven.apache.org/maven2/org/flywaydb/flyway-maven-plugin/9.22.3/flyway-maven-plugin-9.22.3.jar
Progress (1): 3.8/112 kB
Progress (1): 7.5/112 kB
Progress (1): 12/112 kB 
Progress (1): 16/112 kB
Progress (1): 20/112 kB
Progress (1): 24/112 kB
Progress (1): 29/112 kB
Progress (1): 33/112 kB
Progress (1): 37/112 kB
Progress (1): 41/112 kB
Progress (1): 46/112 kB
Progress (1): 50/112 kB
Progress (1): 54/112 kB
Progress (1): 58/112 kB
Progress (1): 62/112 kB
Progress (1): 67/112 kB
Progress (1): 71/112 kB
Progress (1): 75/112 kB
Progress (1): 79/112 kB
Progress (1): 84/112 kB
Progress (1): 88/112 kB
Progress (1): 92/112 kB
Progress (1): 96/112 kB
Progress (1): 101/112 kB
Progress (1): 105/112 kB
Progress (1): 109/112 kB
Progress (1): 112 kB    
                    
Downloaded from central: https://repo.maven.apache.org/maven2/org/flywaydb/flyway-maven-plugin/9.22.3/flyway-maven-plugin-9.22.3.jar (112 kB at 475 kB/s)
Downloading from central: https://repo.maven.apache.org/maven2/io/github/git-commit-id/git-commit-id-maven-plugin/6.0.0/git-commit-id-maven-plugin-6.0.0.pom
Progress (1): 966 B
Progress (1): 2.8 kB
Progress (1): 6.8 kB
Progress (1): 11 kB 
Progress (1): 15 kB
Progress (1): 17 kB
Progress (1): 20 kB
Progress (1): 22 kB
Progress (1): 25 kB
                   
Downloaded from central: https://repo.maven.apache.org/maven2/io/github/git-commit-id/git-commit-id-maven-plugin/6.0.0/git-commit-id-maven-plugin-6.0.0.pom (25 kB at 188 kB/s)
Downloading from central: https://repo.maven.apache.org/maven2/io/github/git-commit-id/git-commit-id-maven-plugin/6.0.0/git-commit-id-maven-plugin-6.0.0.jar
Progress (1): 3.8/56 kB
Progress (1): 20/56 kB 
Progress (1): 37/56 kB
Progress (1): 53/56 kB
Progress (1): 56 kB   
                   
Downloaded from central: https://repo.maven.apache.org/maven2/io/github/git-commit-id/git-commit-id-maven-plugin/6.0.0/git-commit-id-maven-plugin-6.0.0.jar (56 kB at 395 kB/s)
Downloading from central: https://repo.maven.apache.org/maven2/org/jooq/jooq-codegen-maven/3.18.7/jooq-codegen-maven-3.18.7.pom
Progress (1): 1.2 kB
Progress (1): 3.7 kB
Progress (1): 4.5 kB
                    
Downloaded from central: https://repo.maven.apache.org/maven2/org/jooq/jooq-codegen-maven/3.18.7/jooq-codegen-maven-3.18.7.pom (4.5 kB at 38 kB/s)
Downloading from central: https://repo.maven.apache.org/maven2/org/jooq/jooq-parent/3.18.7/jooq-parent-3.18.7.pom
Progress (1): 911 B
Progress (1): 2.3 kB
Progress (1): 4.1 kB
Progress (1): 11 kB 
Progress (1): 16 kB
Progress (1): 22 kB
Progress (1): 24 kB
Progress (1): 29 kB
Progress (1): 33 kB
Progress (1): 38 kB
                   
Downloaded from central: https://repo.maven.apache.org/maven2/org/jooq/jooq-parent/3.18.7/jooq-parent-3.18.7.pom (38 kB at 340 kB/s)
Downloading from central: https://repo.maven.apache.org/maven2/org/jooq/jooq-codegen-maven/3.18.7/jooq-codegen-maven-3.18.7.jar
Progress (1): 7.7/18 kB
Progress (1): 16/18 kB 
Progress (1): 18 kB   
                   
Downloaded from central: https://repo.maven.apache.org/maven2/org/jooq/jooq-codegen-maven/3.18.7/jooq-codegen-maven-3.18.7.jar (18 kB at 134 kB/s)
Downloading from central: https://repo.maven.apache.org/maven2/org/jetbrains/kotlin/kotlin-maven-plugin/1.9.20/kotlin-maven-plugin-1.9.20.pom
Progress (1): 2.0 kB
Progress (1): 3.4 kB
Progress (1): 6.3 kB
Progress (1): 6.7 kB
                    
Downloaded from central: https://repo.maven.apache.org/maven2/org/jetbrains/kotlin/kotlin-maven-plugin/1.9.20/kotlin-maven-plugin-1.9.20.pom (6.7 kB at 47 kB/s)
Downloading from central: https://repo.maven.apache.org/maven2/org/jetbrains/kotlin/kotlin-project/1.9.20/kotlin-project-1.9.20.pom
Progress (1): 964 B
Progress (1): 2.9 kB
Progress (1): 6.4 kB
Progress (1): 11 kB 
Progress (1): 16 kB
                   
Downloaded from central: https://repo.maven.apache.org/maven2/org/jetbrains/kotlin/kotlin-project/1.9.20/kotlin-project-1.9.20.pom (16 kB at 132 kB/s)
Downloading from central: https://repo.maven.apache.org/maven2/org/jetbrains/kotlin/kotlin-maven-plugin/1.9.20/kotlin-maven-plugin-1.9.20.jar
Progress (1): 7.7/82 kB
Progress (1): 16/82 kB 
Progress (1): 32/82 kB
Progress (1): 49/82 kB
Progress (1): 65/82 kB
Progress (1): 81/82 kB
Progress (1): 82 kB   
                   
Downloaded from central: https://repo.maven.apache.org/maven2/org/jetbrains/kotlin/kotlin-maven-plugin/1.9.20/kotlin-maven-plugin-1.9.20.jar (82 kB at 551 kB/s)
Downloading from central: https://repo.maven.apache.org/maven2/org/liquibase/liquibase-maven-plugin/4.24.0/liquibase-maven-plugin-4.24.0.pom
Progress (1): 1.3 kB
Progress (1): 2.0 kB
                    
Downloaded from central: https://repo.maven.apache.org/maven2/org/liquibase/liquibase-maven-plugin/4.24.0/liquibase-maven-plugin-4.24.0.pom (2.0 kB at 18 kB/s)
Downloading from central: https://repo.maven.apache.org/maven2/org/liquibase/liquibase-maven-plugin/4.24.0/liquibase-maven-plugin-4.24.0.jar
Progress (1): 7.7/161 kB
Progress (1): 16/161 kB 
Progress (1): 32/161 kB
Progress (1): 48/161 kB
Progress (1): 65/161 kB
Progress (1): 81/161 kB
Progress (1): 98/161 kB
Progress (1): 114/161 kB
Progress (1): 130/161 kB
Progress (1): 147/161 kB
Progress (1): 161 kB    
                    
Downloaded from central: https://repo.maven.apache.org/maven2/org/liquibase/liquibase-maven-plugin/4.24.0/liquibase-maven-plugin-4.24.0.jar (161 kB at 514 kB/s)
Downloading from central: https://repo.maven.apache.org/maven2/org/apache/maven/plugins/maven-assembly-plugin/3.6.0/maven-assembly-plugin-3.6.0.pom
Progress (1): 748 B
Progress (1): 2.1 kB
Progress (1): 4.9 kB
Progress (1): 8.3 kB
Progress (1): 10 kB 
Progress (1): 14 kB
Progress (1): 15 kB
                   
Downloaded from central: https://repo.maven.apache.org/maven2/org/apache/maven/plugins/maven-assembly-plugin/3.6.0/maven-assembly-plugin-3.6.0.pom (15 kB at 148 kB/s)
Downloading from central: https://repo.maven.apache.org/maven2/org/apache/maven/plugins/maven-assembly-plugin/3.6.0/maven-assembly-plugin-3.6.0.jar
Progress (1): 7.7/236 kB
Progress (1): 16/236 kB 
Progress (1): 32/236 kB
Progress (1): 49/236 kB
Progress (1): 65/236 kB
Progress (1): 81/236 kB
Progress (1): 98/236 kB
Progress (1): 114/236 kB
Progress (1): 131/236 kB
Progress (1): 147/236 kB
Progress (1): 163/236 kB
Progress (1): 180/236 kB
Progress (1): 196/236 kB
Progress (1): 213/236 kB
Progress (1): 229/236 kB
Progress (1): 236 kB    
                    
Downloaded from central: https://repo.maven.apache.org/maven2/org/apache/maven/plugins/maven-assembly-plugin/3.6.0/maven-assembly-plugin-3.6.0.jar (236 kB at 603 kB/s)
Downloading from central: https://repo.maven.apache.org/maven2/org/apache/maven/plugins/maven-dependency-plugin/3.6.1/maven-dependency-plugin-3.6.1.pom
Progress (1): 740 B
Progress (1): 2.3 kB
Progress (1): 4.0 kB
Progress (1): 9.2 kB
Progress (1): 13 kB 
Progress (1): 16 kB
Progress (1): 18 kB
                   
Downloaded from central: https://repo.maven.apache.org/maven2/org/apache/maven/plugins/maven-dependency-plugin/3.6.1/maven-dependency-plugin-3.6.1.pom (18 kB at 163 kB/s)
Downloading from central: https://repo.maven.apache.org/maven2/org/apache/maven/plugins/maven-dependency-plugin/3.6.1/maven-dependency-plugin-3.6.1.jar
Progress (1): 7.7/191 kB
Progress (1): 16/191 kB 
Progress (1): 24/191 kB
Progress (1): 41/191 kB
Progress (1): 57/191 kB
Progress (1): 73/191 kB
Progress (1): 90/191 kB
Progress (1): 106/191 kB
Progress (1): 122/191 kB
Progress (1): 139/191 kB
Progress (1): 155/191 kB
Progress (1): 172/191 kB
Progress (1): 188/191 kB
Progress (1): 191 kB    
                    
Downloaded from central: https://repo.maven.apache.org/maven2/org/apache/maven/plugins/maven-dependency-plugin/3.6.1/maven-dependency-plugin-3.6.1.jar (191 kB at 611 kB/s)
Downloading from central: https://repo.maven.apache.org/maven2/org/apache/maven/plugins/maven-enforcer-plugin/3.4.1/maven-enforcer-plugin-3.4.1.pom
Progress (1): 810 B
Progress (1): 3.4 kB
Progress (1): 5.2 kB
Progress (1): 7.7 kB
                    
Downloaded from central: https://repo.maven.apache.org/maven2/org/apache/maven/plugins/maven-enforcer-plugin/3.4.1/maven-enforcer-plugin-3.4.1.pom (7.7 kB at 61 kB/s)
Downloading from central: https://repo.maven.apache.org/maven2/org/apache/maven/enforcer/enforcer/3.4.1/enforcer-3.4.1.pom
Progress (1): 806 B
Progress (1): 2.3 kB
Progress (1): 4.3 kB
Progress (1): 8.7 kB
Progress (1): 9.1 kB
                    
Downloaded from central: https://repo.maven.apache.org/maven2/org/apache/maven/enforcer/enforcer/3.4.1/enforcer-3.4.1.pom (9.1 kB at 71 kB/s)
Downloading from central: https://repo.maven.apache.org/maven2/org/apache/maven/plugins/maven-enforcer-plugin/3.4.1/maven-enforcer-plugin-3.4.1.jar
Progress (1): 7.7/39 kB
Progress (1): 16/39 kB 
Progress (1): 32/39 kB
Progress (1): 39 kB   
                   
Downloaded from central: https://repo.maven.apache.org/maven2/org/apache/maven/plugins/maven-enforcer-plugin/3.4.1/maven-enforcer-plugin-3.4.1.jar (39 kB at 235 kB/s)
Downloading from central: https://repo.maven.apache.org/maven2/org/apache/maven/plugins/maven-failsafe-plugin/3.1.2/maven-failsafe-plugin-3.1.2.pom
Progress (1): 813 B
Progress (1): 2.9 kB
Progress (1): 5.7 kB
Progress (1): 9.2 kB
Progress (1): 10 kB 
                   
Downloaded from central: https://repo.maven.apache.org/maven2/org/apache/maven/plugins/maven-failsafe-plugin/3.1.2/maven-failsafe-plugin-3.1.2.pom (10 kB at 99 kB/s)
Downloading from central: https://repo.maven.apache.org/maven2/org/apache/maven/plugins/maven-failsafe-plugin/3.1.2/maven-failsafe-plugin-3.1.2.jar
Progress (1): 7.7/54 kB
Progress (1): 16/54 kB 
Progress (1): 25/54 kB
Progress (1): 41/54 kB
Progress (1): 54 kB   
                   
Downloaded from central: https://repo.maven.apache.org/maven2/org/apache/maven/plugins/maven-failsafe-plugin/3.1.2/maven-failsafe-plugin-3.1.2.jar (54 kB at 136 kB/s)
Downloading from central: https://repo.maven.apache.org/maven2/org/apache/maven/plugins/maven-help-plugin/3.4.0/maven-help-plugin-3.4.0.pom
Progress (1): 776 B
Progress (1): 2.1 kB
Progress (1): 5.0 kB
Progress (1): 8.7 kB
Progress (1): 9.7 kB
                    
Downloaded from central: https://repo.maven.apache.org/maven2/org/apache/maven/plugins/maven-help-plugin/3.4.0/maven-help-plugin-3.4.0.pom (9.7 kB at 87 kB/s)
Downloading from central: https://repo.maven.apache.org/maven2/org/apache/maven/plugins/maven-help-plugin/3.4.0/maven-help-plugin-3.4.0.jar
Progress (1): 7.7/64 kB
Progress (1): 12/64 kB 
Progress (1): 29/64 kB
Progress (1): 45/64 kB
Progress (1): 61/64 kB
Progress (1): 64 kB   
                   
Downloaded from central: https://repo.maven.apache.org/maven2/org/apache/maven/plugins/maven-help-plugin/3.4.0/maven-help-plugin-3.4.0.jar (64 kB at 278 kB/s)
Downloading from central: https://repo.maven.apache.org/maven2/org/apache/maven/plugins/maven-invoker-plugin/3.6.0/maven-invoker-plugin-3.6.0.pom
Progress (1): 748 B
Progress (1): 2.1 kB
Progress (1): 4.4 kB
Progress (1): 9.7 kB
Progress (1): 12 kB 
Progress (1): 15 kB
Progress (1): 16 kB
                   
Downloaded from central: https://repo.maven.apache.org/maven2/org/apache/maven/plugins/maven-invoker-plugin/3.6.0/maven-invoker-plugin-3.6.0.pom (16 kB at 127 kB/s)
Downloading from central: https://repo.maven.apache.org/maven2/org/apache/maven/plugins/maven-invoker-plugin/3.6.0/maven-invoker-plugin-3.6.0.jar
Progress (1): 7.7/135 kB
Progress (1): 7.7/135 kB
Progress (1): 24/135 kB 
Progress (1): 41/135 kB
Progress (1): 57/135 kB
Progress (1): 73/135 kB
Progress (1): 90/135 kB
Progress (1): 106/135 kB
Progress (1): 122/135 kB
Progress (1): 135 kB    
                    
Downloaded from central: https://repo.maven.apache.org/maven2/org/apache/maven/plugins/maven-invoker-plugin/3.6.0/maven-invoker-plugin-3.6.0.jar (135 kB at 268 kB/s)
Downloading from central: https://repo.maven.apache.org/maven2/org/apache/maven/plugins/maven-javadoc-plugin/3.6.2/maven-javadoc-plugin-3.6.2.pom
Progress (1): 735 B
Progress (1): 2.5 kB
Progress (1): 4.2 kB
Progress (1): 8.4 kB
Progress (1): 14 kB 
Progress (1): 16 kB
Progress (1): 18 kB
Progress (1): 21 kB
                   
Downloaded from central: https://repo.maven.apache.org/maven2/org/apache/maven/plugins/maven-javadoc-plugin/3.6.2/maven-javadoc-plugin-3.6.2.pom (21 kB at 106 kB/s)
Downloading from central: https://repo.maven.apache.org/maven2/org/apache/maven/plugins/maven-javadoc-plugin/3.6.2/maven-javadoc-plugin-3.6.2.jar
Progress (1): 7.7/510 kB
Progress (1): 7.7/510 kB
Progress (1): 24/510 kB 
Progress (1): 41/510 kB
Progress (1): 57/510 kB
Progress (1): 73/510 kB
Progress (1): 90/510 kB
Progress (1): 106/510 kB
Progress (1): 122/510 kB
Progress (1): 139/510 kB
Progress (1): 155/510 kB
Progress (1): 172/510 kB
Progress (1): 188/510 kB
Progress (1): 204/510 kB
Progress (1): 221/510 kB
Progress (1): 237/510 kB
Progress (1): 253/510 kB
Progress (1): 270/510 kB
Progress (1): 286/510 kB
Progress (1): 303/510 kB
Progress (1): 319/510 kB
Progress (1): 335/510 kB
Progress (1): 352/510 kB
Progress (1): 368/510 kB
Progress (1): 385/510 kB
Progress (1): 401/510 kB
Progress (1): 417/510 kB
Progress (1): 434/510 kB
Progress (1): 450/510 kB
Progress (1): 466/510 kB
Progress (1): 483/510 kB
Progress (1): 499/510 kB
Progress (1): 503/510 kB
Progress (1): 510 kB    
                    
Downloaded from central: https://repo.maven.apache.org/maven2/org/apache/maven/plugins/maven-javadoc-plugin/3.6.2/maven-javadoc-plugin-3.6.2.jar (510 kB at 303 kB/s)
Downloading from central: https://repo.maven.apache.org/maven2/org/apache/maven/plugins/maven-shade-plugin/3.5.1/maven-shade-plugin-3.5.1.pom
Progress (1): 764 B
Progress (1): 2.3 kB
Progress (1): 4.8 kB
Progress (1): 8.5 kB
Progress (1): 11 kB 
Progress (1): 14 kB
                   
Downloaded from central: https://repo.maven.apache.org/maven2/org/apache/maven/plugins/maven-shade-plugin/3.5.1/maven-shade-plugin-3.5.1.pom (14 kB at 116 kB/s)
Downloading from central: https://repo.maven.apache.org/maven2/org/apache/maven/plugins/maven-shade-plugin/3.5.1/maven-shade-plugin-3.5.1.jar
Progress (1): 7.7/147 kB
Progress (1): 12/147 kB 
Progress (1): 29/147 kB
Progress (1): 45/147 kB
Progress (1): 61/147 kB
Progress (1): 78/147 kB
Progress (1): 94/147 kB
Progress (1): 111/147 kB
Progress (1): 127/147 kB
Progress (1): 143/147 kB
Progress (1): 147 kB    
                    
Downloaded from central: https://repo.maven.apache.org/maven2/org/apache/maven/plugins/maven-shade-plugin/3.5.1/maven-shade-plugin-3.5.1.jar (147 kB at 599 kB/s)
Downloading from central: https://repo.maven.apache.org/maven2/org/apache/maven/plugins/maven-source-plugin/3.3.0/maven-source-plugin-3.3.0.pom
Progress (1): 773 B
Progress (1): 2.3 kB
Progress (1): 5.4 kB
Progress (1): 6.7 kB
                    
Downloaded from central: https://repo.maven.apache.org/maven2/org/apache/maven/plugins/maven-source-plugin/3.3.0/maven-source-plugin-3.3.0.pom (6.7 kB at 62 kB/s)
Downloading from central: https://repo.maven.apache.org/maven2/org/apache/maven/plugins/maven-source-plugin/3.3.0/maven-source-plugin-3.3.0.jar
Progress (1): 7.7/32 kB
Progress (1): 12/32 kB 
Progress (1): 29/32 kB
Progress (1): 32 kB   
                   
Downloaded from central: https://repo.maven.apache.org/maven2/org/apache/maven/plugins/maven-source-plugin/3.3.0/maven-source-plugin-3.3.0.jar (32 kB at 296 kB/s)
Downloading from central: https://repo.maven.apache.org/maven2/org/apache/maven/plugins/maven-war-plugin/3.4.0/maven-war-plugin-3.4.0.pom
Progress (1): 794 B
Progress (1): 2.3 kB
Progress (1): 5.6 kB
Progress (1): 8.3 kB
Progress (1): 8.4 kB
                    
Downloaded from central: https://repo.maven.apache.org/maven2/org/apache/maven/plugins/maven-war-plugin/3.4.0/maven-war-plugin-3.4.0.pom (8.4 kB at 63 kB/s)
Downloading from central: https://repo.maven.apache.org/maven2/org/apache/maven/plugins/maven-war-plugin/3.4.0/maven-war-plugin-3.4.0.jar
Progress (1): 7.7/83 kB
Progress (1): 16/83 kB 
Progress (1): 32/83 kB
Progress (1): 49/83 kB
Progress (1): 65/83 kB
Progress (1): 81/83 kB
Progress (1): 83 kB   
                   
Downloaded from central: https://repo.maven.apache.org/maven2/org/apache/maven/plugins/maven-war-plugin/3.4.0/maven-war-plugin-3.4.0.jar (83 kB at 387 kB/s)
Downloading from central: https://repo.maven.apache.org/maven2/org/graalvm/buildtools/native-maven-plugin/0.9.28/native-maven-plugin-0.9.28.pom
Progress (1): 934 B
Progress (1): 3.1 kB
                    
Downloaded from central: https://repo.maven.apache.org/maven2/org/graalvm/buildtools/native-maven-plugin/0.9.28/native-maven-plugin-0.9.28.pom (3.1 kB at 32 kB/s)
Downloading from central: https://repo.maven.apache.org/maven2/org/graalvm/buildtools/native-maven-plugin/0.9.28/native-maven-plugin-0.9.28.jar
Progress (1): 7.7/82 kB
Progress (1): 16/82 kB 
Progress (1): 32/82 kB
Progress (1): 49/82 kB
Progress (1): 65/82 kB
Progress (1): 81/82 kB
Progress (1): 82 kB   
                   
Downloaded from central: https://repo.maven.apache.org/maven2/org/graalvm/buildtools/native-maven-plugin/0.9.28/native-maven-plugin-0.9.28.jar (82 kB at 292 kB/s)
Downloading from central: https://repo.maven.apache.org/maven2/org/codehaus/mojo/versions-maven-plugin/2.16.2/versions-maven-plugin-2.16.2.pom
Progress (1): 1.7 kB
Progress (1): 5.4 kB
Progress (1): 6.6 kB
Progress (1): 9.2 kB
Progress (1): 10.0 kB
                     
Downloaded from central: https://repo.maven.apache.org/maven2/org/codehaus/mojo/versions-maven-plugin/2.16.2/versions-maven-plugin-2.16.2.pom (10.0 kB at 66 kB/s)
Downloading from central: https://repo.maven.apache.org/maven2/org/codehaus/mojo/versions/versions/2.16.2/versions-2.16.2.pom
Progress (1): 1.1 kB
Progress (1): 3.4 kB
Progress (1): 6.6 kB
Progress (1): 11 kB 
Progress (1): 13 kB
                   
Downloaded from central: https://repo.maven.apache.org/maven2/org/codehaus/mojo/versions/versions/2.16.2/versions-2.16.2.pom (13 kB at 95 kB/s)
Downloading from central: https://repo.maven.apache.org/maven2/org/codehaus/mojo/mojo-parent/77/mojo-parent-77.pom
Progress (1): 715 B
Progress (1): 2.5 kB
Progress (1): 6.2 kB
Progress (1): 8.0 kB
Progress (1): 11 kB 
Progress (1): 13 kB
Progress (1): 18 kB
Progress (1): 24 kB
Progress (1): 27 kB
Progress (1): 29 kB
Progress (1): 32 kB
Progress (1): 36 kB
                   
Downloaded from central: https://repo.maven.apache.org/maven2/org/codehaus/mojo/mojo-parent/77/mojo-parent-77.pom (36 kB at 330 kB/s)
Downloading from central: https://repo.maven.apache.org/maven2/org/codehaus/mojo/versions-maven-plugin/2.16.2/versions-maven-plugin-2.16.2.jar
Progress (1): 7.7/291 kB
Progress (1): 16/291 kB 
Progress (1): 32/291 kB
Progress (1): 49/291 kB
Progress (1): 65/291 kB
Progress (1): 81/291 kB
Progress (1): 98/291 kB
Progress (1): 114/291 kB
Progress (1): 131/291 kB
Progress (1): 147/291 kB
Progress (1): 163/291 kB
Progress (1): 180/291 kB
Progress (1): 196/291 kB
Progress (1): 213/291 kB
Progress (1): 229/291 kB
Progress (1): 245/291 kB
Progress (1): 262/291 kB
Progress (1): 278/291 kB
Progress (1): 291 kB    
                    
Downloaded from central: https://repo.maven.apache.org/maven2/org/codehaus/mojo/versions-maven-plugin/2.16.2/versions-maven-plugin-2.16.2.jar (291 kB at 284 kB/s)
Downloading from central: https://repo.maven.apache.org/maven2/org/codehaus/mojo/xml-maven-plugin/1.1.0/xml-maven-plugin-1.1.0.pom
Progress (1): 996 B
Progress (1): 3.3 kB
Progress (1): 6.9 kB
Progress (1): 8.5 kB
                    
Downloaded from central: https://repo.maven.apache.org/maven2/org/codehaus/mojo/xml-maven-plugin/1.1.0/xml-maven-plugin-1.1.0.pom (8.5 kB at 60 kB/s)
Downloading from central: https://repo.maven.apache.org/maven2/org/codehaus/mojo/mojo-parent/75/mojo-parent-75.pom
Progress (1): 711 B
Progress (1): 2.5 kB
Progress (1): 6.2 kB
Progress (1): 8.0 kB
Progress (1): 11 kB 
Progress (1): 13 kB
Progress (1): 18 kB
Progress (1): 24 kB
Progress (1): 26 kB
Progress (1): 29 kB
Progress (1): 32 kB
Progress (1): 36 kB
                   
Downloaded from central: https://repo.maven.apache.org/maven2/org/codehaus/mojo/mojo-parent/75/mojo-parent-75.pom (36 kB at 155 kB/s)
Downloading from central: https://repo.maven.apache.org/maven2/org/codehaus/mojo/xml-maven-plugin/1.1.0/xml-maven-plugin-1.1.0.jar
Progress (1): 7.7/65 kB
Progress (1): 16/65 kB 
Progress (1): 32/65 kB
Progress (1): 49/65 kB
Progress (1): 65 kB   
                   
Downloaded from central: https://repo.maven.apache.org/maven2/org/codehaus/mojo/xml-maven-plugin/1.1.0/xml-maven-plugin-1.1.0.jar (65 kB at 486 kB/s)
Downloading from central: https://repo.maven.apache.org/maven2/org/codehaus/mojo/maven-metadata.xml
Downloading from central: https://repo.maven.apache.org/maven2/org/apache/maven/plugins/maven-metadata.xml
Progress (1): 3.7 kB
Progress (1): 9.5 kB
Progress (1): 15 kB 
Progress (1): 20 kB
                   
Downloaded from central: https://repo.maven.apache.org/maven2/org/codehaus/mojo/maven-metadata.xml (20 kB at 169 kB/s)
Progress (1): 4.6 kB
Progress (1): 9.8 kB
Progress (1): 14 kB 
                   
Downloaded from central: https://repo.maven.apache.org/maven2/org/apache/maven/plugins/maven-metadata.xml (14 kB at 46 kB/s)
[INFO] ------------------------------------------------------------------------
[INFO] BUILD FAILURE
[INFO] ------------------------------------------------------------------------
[INFO] Total time:  13.224 s
[INFO] Finished at: 2026-01-25T11:20:35+05:30
[INFO] ------------------------------------------------------------------------
[ERROR] No plugin found for prefix 'Line' in the current project and in the plugin groups [org.apache.maven.plugins, org.codehaus.mojo] available from the repositories [local (C:\Users\EX BOOK\.m2\repository), central (https://repo.maven.apache.org/maven2)] -> [Help 1]
[ERROR] 
[ERROR] To see the full stack trace of the errors, re-run Maven with the -e switch.
[ERROR] Re-run Maven using the -X switch to enable full debug logging.
[ERROR] 
[ERROR] For more information about the errors and possible solutions, please read the following articles:
[ERROR] [Help 1] http://cwiki.apache.org/confluence/display/MAVEN/NoPluginFoundForPrefixException
